2026-09-18 05:26:02,417 INFO     semantic_afterlife.events run s10-paperb-olmo-rlvr-nf4-20260918T022536Z-30b5b3fc (live)
2026-09-18 05:26:02,419 WARNING  semantic_afterlife.runctx git tree is dirty; the diff is recorded in the manifest, but prefer committing before a run that produces reportable numbers
2026-09-18 05:26:02,737 INFO     semantic_afterlife.events start pb-olmo3-7b-rlvr__W4096__T0p3__physics__s1: W=4096 T=49152 (12.0 turnovers)
2026-09-18 05:26:05,373 INFO     semantic_afterlife.providers.local loading local model allenai/Olmo-3-7B-Instruct device=cuda dtype=bfloat16 attn=sdpa loader=Olmo3ForCausalLM
2026-09-18 05:26:28,926 INFO     semantic_afterlife.events loaded allenai/Olmo-3-7B-Instruct Olmo3ForCausalLM via Olmo3ForCausalLM rev=6e5971d9eba42665f5bd5a0fcf047f299ce1dccc peak_vram_mib=4822.9 in 23.487s
2026-09-18 05:27:28,593 INFO     semantic_afterlife.events failed pb-olmo3-7b-rlvr__W4096__T0p3__physics__s1: 2 steps, 1601 tokens, 1 chunks, $0.0000
2026-09-18 05:27:28,596 INFO     semantic_afterlife.events start pb-olmo3-7b-rlvr__W4096__T0p3__physics__s2: W=4096 T=49152 (12.0 turnovers)
2026-09-18 05:29:44,727 INFO     semantic_afterlife.events failed pb-olmo3-7b-rlvr__W4096__T0p3__physics__s2: 4 steps, 3696 tokens, 3 chunks, $0.0000
2026-09-18 05:29:44,733 INFO     semantic_afterlife.events start pb-olmo3-7b-rlvr__W4096__T0p3__physics__s3: W=4096 T=49152 (12.0 turnovers)
2026-09-18 05:31:10,214 INFO     semantic_afterlife.events failed pb-olmo3-7b-rlvr__W4096__T0p3__physics__s3: 3 steps, 2467 tokens, 2 chunks, $0.0000
2026-09-18 05:31:10,217 INFO     semantic_afterlife.events start pb-olmo3-7b-rlvr__W4096__T0p3__physics__s4: W=4096 T=49152 (12.0 turnovers)
2026-09-18 05:32:37,074 INFO     semantic_afterlife.events failed pb-olmo3-7b-rlvr__W4096__T0p3__physics__s4: 3 steps, 2480 tokens, 2 chunks, $0.0000
2026-09-18 05:32:37,087 INFO     semantic_afterlife.events start pb-olmo3-7b-rlvr__W4096__T0p3__finance__s1: W=4096 T=49152 (12.0 turnovers)
2026-09-18 05:33:54,146 INFO     semantic_afterlife.events failed pb-olmo3-7b-rlvr__W4096__T0p3__finance__s1: 3 steps, 2062 tokens, 2 chunks, $0.0000
2026-09-18 05:33:54,150 INFO     semantic_afterlife.events start pb-olmo3-7b-rlvr__W4096__T0p3__finance__s2: W=4096 T=49152 (12.0 turnovers)
2026-09-18 05:34:35,174 INFO     semantic_afterlife.events failed pb-olmo3-7b-rlvr__W4096__T0p3__finance__s2: 2 steps, 1038 tokens, 1 chunks, $0.0000
2026-09-18 05:34:35,177 INFO     semantic_afterlife.events start pb-olmo3-7b-rlvr__W4096__T0p3__finance__s3: W=4096 T=49152 (12.0 turnovers)
2026-09-18 05:35:13,052 INFO     semantic_afterlife.events failed pb-olmo3-7b-rlvr__W4096__T0p3__finance__s3: 2 steps, 1093 tokens, 1 chunks, $0.0000
2026-09-18 05:35:13,055 INFO     semantic_afterlife.events start pb-olmo3-7b-rlvr__W4096__T0p3__finance__s4: W=4096 T=49152 (12.0 turnovers)
2026-09-18 05:35:44,101 INFO     semantic_afterlife.events failed pb-olmo3-7b-rlvr__W4096__T0p3__finance__s4: 1 steps, 898 tokens, 0 chunks, $0.0000
2026-09-18 05:35:44,104 INFO     semantic_afterlife.events start pb-olmo3-7b-rlvr__W4096__T0p3__biology__s1: W=4096 T=49152 (12.0 turnovers)
2026-09-18 05:35:56,271 INFO     semantic_afterlife.events failed pb-olmo3-7b-rlvr__W4096__T0p3__biology__s1: 1 steps, 340 tokens, 0 chunks, $0.0000
2026-09-18 05:35:56,275 INFO     semantic_afterlife.events start pb-olmo3-7b-rlvr__W4096__T0p3__biology__s2: W=4096 T=49152 (12.0 turnovers)
2026-09-18 05:36:29,937 INFO     semantic_afterlife.events failed pb-olmo3-7b-rlvr__W4096__T0p3__biology__s2: 1 steps, 971 tokens, 0 chunks, $0.0000
2026-09-18 05:36:29,940 INFO     semantic_afterlife.events start pb-olmo3-7b-rlvr__W4096__T0p3__biology__s3: W=4096 T=49152 (12.0 turnovers)
2026-09-18 05:36:58,055 INFO     semantic_afterlife.events failed pb-olmo3-7b-rlvr__W4096__T0p3__biology__s3: 1 steps, 819 tokens, 0 chunks, $0.0000
2026-09-18 05:36:58,059 INFO     semantic_afterlife.events start pb-olmo3-7b-rlvr__W4096__T0p3__biology__s4: W=4096 T=49152 (12.0 turnovers)
2026-09-18 05:37:15,453 INFO     semantic_afterlife.events failed pb-olmo3-7b-rlvr__W4096__T0p3__biology__s4: 1 steps, 499 tokens, 0 chunks, $0.0000
2026-09-18 05:37:15,460 INFO     semantic_afterlife.events start pb-olmo3-7b-rlvr__W4096__T0p3__war__s1: W=4096 T=49152 (12.0 turnovers)
2026-09-18 05:37:41,403 INFO     semantic_afterlife.events failed pb-olmo3-7b-rlvr__W4096__T0p3__war__s1: 1 steps, 729 tokens, 0 chunks, $0.0000
2026-09-18 05:37:41,406 INFO     semantic_afterlife.events start pb-olmo3-7b-rlvr__W4096__T0p3__war__s2: W=4096 T=49152 (12.0 turnovers)
2026-09-18 05:40:37,140 INFO     semantic_afterlife.events failed pb-olmo3-7b-rlvr__W4096__T0p3__war__s2: 5 steps, 4770 tokens, 4 chunks, $0.0000
2026-09-18 05:40:37,144 INFO     semantic_afterlife.events start pb-olmo3-7b-rlvr__W4096__T0p3__war__s3: W=4096 T=49152 (12.0 turnovers)
2026-09-18 05:40:50,485 INFO     semantic_afterlife.events failed pb-olmo3-7b-rlvr__W4096__T0p3__war__s3: 1 steps, 381 tokens, 0 chunks, $0.0000
2026-09-18 05:40:50,489 INFO     semantic_afterlife.events start pb-olmo3-7b-rlvr__W4096__T0p3__war__s4: W=4096 T=49152 (12.0 turnovers)
2026-09-18 05:41:43,424 INFO     semantic_afterlife.events failed pb-olmo3-7b-rlvr__W4096__T0p3__war__s4: 2 steps, 1542 tokens, 1 chunks, $0.0000
2026-09-18 05:41:43,427 INFO     semantic_afterlife.events start pb-olmo3-7b-rlvr__W4096__T0p3__love__s1: W=4096 T=49152 (12.0 turnovers)
2026-09-18 05:42:25,635 INFO     semantic_afterlife.events failed pb-olmo3-7b-rlvr__W4096__T0p3__love__s1: 2 steps, 1216 tokens, 1 chunks, $0.0000
2026-09-18 05:42:25,644 INFO     semantic_afterlife.events start pb-olmo3-7b-rlvr__W4096__T0p3__love__s2: W=4096 T=49152 (12.0 turnovers)
2026-09-18 05:44:11,703 INFO     semantic_afterlife.events failed pb-olmo3-7b-rlvr__W4096__T0p3__love__s2: 3 steps, 3072 tokens, 3 chunks, $0.0000
2026-09-18 05:44:11,706 INFO     semantic_afterlife.events start pb-olmo3-7b-rlvr__W4096__T0p3__love__s3: W=4096 T=49152 (12.0 turnovers)
2026-09-18 05:44:34,757 INFO     semantic_afterlife.events failed pb-olmo3-7b-rlvr__W4096__T0p3__love__s3: 1 steps, 664 tokens, 0 chunks, $0.0000
2026-09-18 05:44:34,760 INFO     semantic_afterlife.events start pb-olmo3-7b-rlvr__W4096__T0p3__love__s4: W=4096 T=49152 (12.0 turnovers)
2026-09-18 05:44:44,545 INFO     semantic_afterlife.events failed pb-olmo3-7b-rlvr__W4096__T0p3__love__s4: 1 steps, 278 tokens, 0 chunks, $0.0000
2026-09-18 05:44:44,548 INFO     semantic_afterlife.events start pb-olmo3-7b-rlvr__W4096__T0p3__recipe__s1: W=4096 T=49152 (12.0 turnovers)
2026-09-18 05:44:54,442 INFO     semantic_afterlife.events failed pb-olmo3-7b-rlvr__W4096__T0p3__recipe__s1: 1 steps, 283 tokens, 0 chunks, $0.0000
2026-09-18 05:44:54,445 INFO     semantic_afterlife.events start pb-olmo3-7b-rlvr__W4096__T0p3__recipe__s2: W=4096 T=49152 (12.0 turnovers)
2026-09-18 05:47:06,898 INFO     semantic_afterlife.events failed pb-olmo3-7b-rlvr__W4096__T0p3__recipe__s2: 4 steps, 3464 tokens, 3 chunks, $0.0000
2026-09-18 05:47:06,906 INFO     semantic_afterlife.events start pb-olmo3-7b-rlvr__W4096__T0p3__recipe__s3: W=4096 T=49152 (12.0 turnovers)
2026-09-18 06:16:27,332 INFO     semantic_afterlife.events completed pb-olmo3-7b-rlvr__W4096__T0p3__recipe__s3: 49 steps, 49152 tokens, 48 chunks, $0.0000
2026-09-18 06:16:27,336 INFO     semantic_afterlife.events start pb-olmo3-7b-rlvr__W4096__T0p3__recipe__s4: W=4096 T=49152 (12.0 turnovers)
2026-09-18 06:16:42,548 INFO     semantic_afterlife.events failed pb-olmo3-7b-rlvr__W4096__T0p3__recipe__s4: 1 steps, 366 tokens, 0 chunks, $0.0000
2026-09-18 06:16:42,551 INFO     semantic_afterlife.events start pb-olmo3-7b-rlvr__W4096__T0p3__programming__s1: W=4096 T=49152 (12.0 turnovers)
2026-09-18 06:17:17,674 INFO     semantic_afterlife.events failed pb-olmo3-7b-rlvr__W4096__T0p3__programming__s1: 2 steps, 1029 tokens, 1 chunks, $0.0000
2026-09-18 06:17:17,677 INFO     semantic_afterlife.events start pb-olmo3-7b-rlvr__W4096__T0p3__programming__s2: W=4096 T=49152 (12.0 turnovers)
2026-09-18 06:17:52,338 INFO     semantic_afterlife.events failed pb-olmo3-7b-rlvr__W4096__T0p3__programming__s2: 1 steps, 994 tokens, 0 chunks, $0.0000
2026-09-18 06:17:52,341 INFO     semantic_afterlife.events start pb-olmo3-7b-rlvr__W4096__T0p3__programming__s3: W=4096 T=49152 (12.0 turnovers)
2026-09-18 06:18:22,033 INFO     semantic_afterlife.events failed pb-olmo3-7b-rlvr__W4096__T0p3__programming__s3: 1 steps, 852 tokens, 0 chunks, $0.0000
2026-09-18 06:18:22,035 INFO     semantic_afterlife.events start pb-olmo3-7b-rlvr__W4096__T0p3__programming__s4: W=4096 T=49152 (12.0 turnovers)
2026-09-18 06:18:49,444 INFO     semantic_afterlife.events failed pb-olmo3-7b-rlvr__W4096__T0p3__programming__s4: 1 steps, 795 tokens, 0 chunks, $0.0000
2026-09-18 06:18:49,452 INFO     semantic_afterlife.events start pb-olmo3-7b-rlvr__W4096__T0p3__philosophy__s1: W=4096 T=49152 (12.0 turnovers)
2026-09-18 06:19:15,588 INFO     semantic_afterlife.events failed pb-olmo3-7b-rlvr__W4096__T0p3__philosophy__s1: 1 steps, 758 tokens, 0 chunks, $0.0000
2026-09-18 06:19:15,591 INFO     semantic_afterlife.events start pb-olmo3-7b-rlvr__W4096__T0p3__philosophy__s2: W=4096 T=49152 (12.0 turnovers)
2026-09-18 06:19:39,298 INFO     semantic_afterlife.events failed pb-olmo3-7b-rlvr__W4096__T0p3__philosophy__s2: 1 steps, 666 tokens, 0 chunks, $0.0000
2026-09-18 06:19:39,301 INFO     semantic_afterlife.events start pb-olmo3-7b-rlvr__W4096__T0p3__philosophy__s3: W=4096 T=49152 (12.0 turnovers)
2026-09-18 06:20:01,054 INFO     semantic_afterlife.events failed pb-olmo3-7b-rlvr__W4096__T0p3__philosophy__s3: 1 steps, 632 tokens, 0 chunks, $0.0000
2026-09-18 06:20:01,057 INFO     semantic_afterlife.events start pb-olmo3-7b-rlvr__W4096__T0p3__philosophy__s4: W=4096 T=49152 (12.0 turnovers)
2026-09-18 06:20:26,382 INFO     semantic_afterlife.events failed pb-olmo3-7b-rlvr__W4096__T0p3__philosophy__s4: 1 steps, 736 tokens, 0 chunks, $0.0000
2026-09-18 06:20:26,385 INFO     semantic_afterlife.events start pb-olmo3-7b-rlvr__W4096__T0p3__surreal__s1: W=4096 T=49152 (12.0 turnovers)
2026-09-18 06:21:00,768 INFO     semantic_afterlife.events failed pb-olmo3-7b-rlvr__W4096__T0p3__surreal__s1: 1 steps, 1020 tokens, 0 chunks, $0.0000
2026-09-18 06:21:00,772 INFO     semantic_afterlife.events start pb-olmo3-7b-rlvr__W4096__T0p3__surreal__s2: W=4096 T=49152 (12.0 turnovers)
2026-09-18 06:21:59,299 INFO     semantic_afterlife.events failed pb-olmo3-7b-rlvr__W4096__T0p3__surreal__s2: 2 steps, 1511 tokens, 1 chunks, $0.0000
2026-09-18 06:21:59,304 INFO     semantic_afterlife.events start pb-olmo3-7b-rlvr__W4096__T0p3__surreal__s3: W=4096 T=49152 (12.0 turnovers)
2026-09-18 06:23:09,464 INFO     semantic_afterlife.events failed pb-olmo3-7b-rlvr__W4096__T0p3__surreal__s3: 2 steps, 1861 tokens, 1 chunks, $0.0000
2026-09-18 06:23:09,468 INFO     semantic_afterlife.events start pb-olmo3-7b-rlvr__W4096__T0p3__surreal__s4: W=4096 T=49152 (12.0 turnovers)
2026-09-18 06:24:03,846 INFO     semantic_afterlife.events failed pb-olmo3-7b-rlvr__W4096__T0p3__surreal__s4: 2 steps, 1574 tokens, 1 chunks, $0.0000
2026-09-18 06:24:03,850 INFO     semantic_afterlife.events start pb-olmo3-7b-rlvr__W4096__T0p3__noise__s1: W=4096 T=49152 (12.0 turnovers)
2026-09-18 06:53:24,260 INFO     semantic_afterlife.events completed pb-olmo3-7b-rlvr__W4096__T0p3__noise__s1: 48 steps, 49152 tokens, 48 chunks, $0.0000
2026-09-18 06:53:24,263 INFO     semantic_afterlife.events start pb-olmo3-7b-rlvr__W4096__T0p3__noise__s2: W=4096 T=49152 (12.0 turnovers)
2026-09-18 07:01:58,602 INFO     semantic_afterlife.events failed pb-olmo3-7b-rlvr__W4096__T0p3__noise__s2: 16 steps, 14411 tokens, 14 chunks, $0.0000
2026-09-18 07:01:58,614 INFO     semantic_afterlife.events start pb-olmo3-7b-rlvr__W4096__T0p3__noise__s3: W=4096 T=49152 (12.0 turnovers)
2026-09-18 07:31:20,135 INFO     semantic_afterlife.events completed pb-olmo3-7b-rlvr__W4096__T0p3__noise__s3: 48 steps, 49152 tokens, 48 chunks, $0.0000
2026-09-18 07:31:20,138 INFO     semantic_afterlife.events start pb-olmo3-7b-rlvr__W4096__T0p3__noise__s4: W=4096 T=49152 (12.0 turnovers)
2026-09-18 08:00:46,736 INFO     semantic_afterlife.events completed pb-olmo3-7b-rlvr__W4096__T0p3__noise__s4: 48 steps, 49152 tokens, 48 chunks, $0.0000
2026-09-18 08:00:46,738 INFO     semantic_afterlife.events unloaded allenai/Olmo-3-7B-Instruct peak_vram_mib=7206.3
2026-09-18 08:00:47,271 INFO     semantic_afterlife.events completed s10-paperb-olmo-rlvr-nf4-20260918T022536Z-30b5b3fc — spent $0.0000 (project $10.54 of $200.00)
