cost forecast (protocol P1: input = T x W / S)
┏━━━━━━┳━━━━━━┳━━━━━━┳━━━━━┳━━━━━━┳━━━━━┳━━━━━━┳━━━━━┳━━━━━━┳━━━━━┳━━━━━━┳━━━━━┓
┃      ┃      ┃      ┃ tar ┃      ┃ n_t ┃      ┃ out ┃ inpu ┃     ┃      ┃     ┃
┃      ┃      ┃      ┃ get ┃      ┃ raj ┃      ┃ put ┃ t_am ┃     ┃      ┃     ┃
┃ gene ┃      ┃ bloc ┃ _to ┃ turn ┃ ect ┃ inpu ┃ _to ┃ plif ┃ inp ┃ outp ┃ tot ┃
┃ rato ┃      ┃ k_si ┃ ken ┃ over ┃ ori ┃ t_to ┃ ken ┃ icat ┃ ut_ ┃ ut_u ┃ al_ ┃
┃ r    ┃ W    ┃ ze   ┃ s   ┃ s    ┃ es  ┃ kens ┃ s   ┃ ion  ┃ usd ┃ sd   ┃ usd ┃
┡━━━━━━╇━━━━━━╇━━━━━━╇━━━━━╇━━━━━━╇━━━━━╇━━━━━━╇━━━━━╇━━━━━━╇━━━━━╇━━━━━━╇━━━━━┩
│ or-q │ 4096 │ 1024 │ 491 │ 12.0 │ 24  │ 4472 │ 117 │ 3.79 │ 0.5 │ 0.53 │ 1.0 │
│ wen3 │      │      │ 52  │      │     │ 832  │ 964 │      │ 233 │ 67   │ 601 │
│ -8b  │      │      │     │      │     │      │ 8   │      │     │      │     │
└──────┴──────┴──────┴─────┴──────┴─────┴──────┴─────┴──────┴─────┴──────┴─────┘
╭────────────────────────────────── forecast ──────────────────────────────────╮
│ trajectories       24                                                        │
│ input tokens       4,472,832                                                 │
│ output tokens      1,179,648                                                 │
│ forecast cost      $1.06  (49% of it input)                                  │
│ stage budget       $8.00                                                     │
│ project remaining  $185.00 of $200.00                                        │
╰──────────────────────────────────────────────────────────────────────────────╯
