2026-09-18 03:05:14,119 INFO     semantic_afterlife.events run s10-paperb-olmo-dpo-nf4-20260918T000412Z-64ad9f9f (live)
2026-09-18 03:05:14,899 INFO     semantic_afterlife.events start pb-olmo3-7b-dpo__W4096__T0p3__physics__s1: W=4096 T=49152 (12.0 turnovers)
2026-09-18 03:05:17,650 INFO     semantic_afterlife.providers.local loading local model allenai/Olmo-3-7B-Instruct-DPO device=cuda dtype=bfloat16 attn=sdpa loader=Olmo3ForCausalLM
2026-09-18 03:05:45,314 INFO     semantic_afterlife.events loaded allenai/Olmo-3-7B-Instruct-DPO Olmo3ForCausalLM via Olmo3ForCausalLM rev=b33130b7de49f0c2553b5c2b3bc8409ff3e627d1 peak_vram_mib=4822.9 in 26.925s
2026-09-18 03:06:19,494 INFO     semantic_afterlife.events failed pb-olmo3-7b-dpo__W4096__T0p3__physics__s1: 1 steps, 913 tokens, 0 chunks, $0.0000
2026-09-18 03:06:19,502 INFO     semantic_afterlife.events start pb-olmo3-7b-dpo__W4096__T0p3__physics__s2: W=4096 T=49152 (12.0 turnovers)
2026-09-18 03:07:20,662 INFO     semantic_afterlife.events failed pb-olmo3-7b-dpo__W4096__T0p3__physics__s2: 2 steps, 1765 tokens, 1 chunks, $0.0000
2026-09-18 03:07:20,671 INFO     semantic_afterlife.events start pb-olmo3-7b-dpo__W4096__T0p3__physics__s3: W=4096 T=49152 (12.0 turnovers)
2026-09-18 03:08:58,358 INFO     semantic_afterlife.events failed pb-olmo3-7b-dpo__W4096__T0p3__physics__s3: 3 steps, 2838 tokens, 2 chunks, $0.0000
2026-09-18 03:08:58,361 INFO     semantic_afterlife.events start pb-olmo3-7b-dpo__W4096__T0p3__physics__s4: W=4096 T=49152 (12.0 turnovers)
2026-09-18 03:11:07,415 INFO     semantic_afterlife.events failed pb-olmo3-7b-dpo__W4096__T0p3__physics__s4: 4 steps, 3386 tokens, 3 chunks, $0.0000
2026-09-18 03:11:07,421 INFO     semantic_afterlife.events start pb-olmo3-7b-dpo__W4096__T0p3__finance__s1: W=4096 T=49152 (12.0 turnovers)
2026-09-18 03:20:44,927 INFO     semantic_afterlife.events failed pb-olmo3-7b-dpo__W4096__T0p3__finance__s1: 17 steps, 16297 tokens, 15 chunks, $0.0000
2026-09-18 03:20:44,930 INFO     semantic_afterlife.events start pb-olmo3-7b-dpo__W4096__T0p3__finance__s2: W=4096 T=49152 (12.0 turnovers)
2026-09-18 03:21:27,828 INFO     semantic_afterlife.events failed pb-olmo3-7b-dpo__W4096__T0p3__finance__s2: 2 steps, 1144 tokens, 1 chunks, $0.0000
2026-09-18 03:21:27,831 INFO     semantic_afterlife.events start pb-olmo3-7b-dpo__W4096__T0p3__finance__s3: W=4096 T=49152 (12.0 turnovers)
2026-09-18 03:25:22,113 INFO     semantic_afterlife.events failed pb-olmo3-7b-dpo__W4096__T0p3__finance__s3: 7 steps, 6484 tokens, 6 chunks, $0.0000
2026-09-18 03:25:22,117 INFO     semantic_afterlife.events start pb-olmo3-7b-dpo__W4096__T0p3__finance__s4: W=4096 T=49152 (12.0 turnovers)
2026-09-18 03:25:55,514 INFO     semantic_afterlife.events failed pb-olmo3-7b-dpo__W4096__T0p3__finance__s4: 1 steps, 956 tokens, 0 chunks, $0.0000
2026-09-18 03:25:55,522 INFO     semantic_afterlife.events start pb-olmo3-7b-dpo__W4096__T0p3__biology__s1: W=4096 T=49152 (12.0 turnovers)
2026-09-18 03:26:27,494 INFO     semantic_afterlife.events failed pb-olmo3-7b-dpo__W4096__T0p3__biology__s1: 1 steps, 928 tokens, 0 chunks, $0.0000
2026-09-18 03:26:27,497 INFO     semantic_afterlife.events start pb-olmo3-7b-dpo__W4096__T0p3__biology__s2: W=4096 T=49152 (12.0 turnovers)
2026-09-18 03:27:07,028 INFO     semantic_afterlife.events failed pb-olmo3-7b-dpo__W4096__T0p3__biology__s2: 2 steps, 1176 tokens, 1 chunks, $0.0000
2026-09-18 03:27:07,032 INFO     semantic_afterlife.events start pb-olmo3-7b-dpo__W4096__T0p3__biology__s3: W=4096 T=49152 (12.0 turnovers)
2026-09-18 03:28:00,974 INFO     semantic_afterlife.events failed pb-olmo3-7b-dpo__W4096__T0p3__biology__s3: 3 steps, 1335 tokens, 1 chunks, $0.0000
2026-09-18 03:28:00,979 INFO     semantic_afterlife.events start pb-olmo3-7b-dpo__W4096__T0p3__biology__s4: W=4096 T=49152 (12.0 turnovers)
2026-09-18 03:28:44,913 INFO     semantic_afterlife.events failed pb-olmo3-7b-dpo__W4096__T0p3__biology__s4: 2 steps, 1090 tokens, 1 chunks, $0.0000
2026-09-18 03:28:44,919 INFO     semantic_afterlife.events start pb-olmo3-7b-dpo__W4096__T0p3__war__s1: W=4096 T=49152 (12.0 turnovers)
2026-09-18 03:29:19,275 INFO     semantic_afterlife.events failed pb-olmo3-7b-dpo__W4096__T0p3__war__s1: 2 steps, 991 tokens, 0 chunks, $0.0000
2026-09-18 03:29:19,278 INFO     semantic_afterlife.events start pb-olmo3-7b-dpo__W4096__T0p3__war__s2: W=4096 T=49152 (12.0 turnovers)
2026-09-18 03:29:40,231 INFO     semantic_afterlife.events failed pb-olmo3-7b-dpo__W4096__T0p3__war__s2: 1 steps, 595 tokens, 0 chunks, $0.0000
2026-09-18 03:29:40,239 INFO     semantic_afterlife.events start pb-olmo3-7b-dpo__W4096__T0p3__war__s3: W=4096 T=49152 (12.0 turnovers)
2026-09-18 03:32:29,476 INFO     semantic_afterlife.events failed pb-olmo3-7b-dpo__W4096__T0p3__war__s3: 5 steps, 4828 tokens, 4 chunks, $0.0000
2026-09-18 03:32:29,479 INFO     semantic_afterlife.events start pb-olmo3-7b-dpo__W4096__T0p3__war__s4: W=4096 T=49152 (12.0 turnovers)
2026-09-18 03:32:45,091 INFO     semantic_afterlife.events failed pb-olmo3-7b-dpo__W4096__T0p3__war__s4: 1 steps, 458 tokens, 0 chunks, $0.0000
2026-09-18 03:32:45,094 INFO     semantic_afterlife.events start pb-olmo3-7b-dpo__W4096__T0p3__love__s1: W=4096 T=49152 (12.0 turnovers)
2026-09-18 03:33:50,350 INFO     semantic_afterlife.events failed pb-olmo3-7b-dpo__W4096__T0p3__love__s1: 2 steps, 1734 tokens, 1 chunks, $0.0000
2026-09-18 03:33:50,356 INFO     semantic_afterlife.events start pb-olmo3-7b-dpo__W4096__T0p3__love__s2: W=4096 T=49152 (12.0 turnovers)
2026-09-18 03:36:02,660 INFO     semantic_afterlife.events failed pb-olmo3-7b-dpo__W4096__T0p3__love__s2: 4 steps, 3654 tokens, 3 chunks, $0.0000
2026-09-18 03:36:02,664 INFO     semantic_afterlife.events start pb-olmo3-7b-dpo__W4096__T0p3__love__s3: W=4096 T=49152 (12.0 turnovers)
2026-09-18 03:40:58,937 INFO     semantic_afterlife.events failed pb-olmo3-7b-dpo__W4096__T0p3__love__s3: 9 steps, 8229 tokens, 8 chunks, $0.0000
2026-09-18 03:40:58,940 INFO     semantic_afterlife.events start pb-olmo3-7b-dpo__W4096__T0p3__love__s4: W=4096 T=49152 (12.0 turnovers)
2026-09-18 03:42:07,072 INFO     semantic_afterlife.events failed pb-olmo3-7b-dpo__W4096__T0p3__love__s4: 2 steps, 1986 tokens, 1 chunks, $0.0000
2026-09-18 03:42:07,075 INFO     semantic_afterlife.events start pb-olmo3-7b-dpo__W4096__T0p3__recipe__s1: W=4096 T=49152 (12.0 turnovers)
2026-09-18 03:44:00,357 INFO     semantic_afterlife.events failed pb-olmo3-7b-dpo__W4096__T0p3__recipe__s1: 4 steps, 3252 tokens, 3 chunks, $0.0000
2026-09-18 03:44:00,361 INFO     semantic_afterlife.events start pb-olmo3-7b-dpo__W4096__T0p3__recipe__s2: W=4096 T=49152 (12.0 turnovers)
2026-09-18 03:44:26,476 INFO     semantic_afterlife.events failed pb-olmo3-7b-dpo__W4096__T0p3__recipe__s2: 1 steps, 756 tokens, 0 chunks, $0.0000
2026-09-18 03:44:26,479 INFO     semantic_afterlife.events start pb-olmo3-7b-dpo__W4096__T0p3__recipe__s3: W=4096 T=49152 (12.0 turnovers)
2026-09-18 03:44:47,894 INFO     semantic_afterlife.events failed pb-olmo3-7b-dpo__W4096__T0p3__recipe__s3: 1 steps, 628 tokens, 0 chunks, $0.0000
2026-09-18 03:44:47,902 INFO     semantic_afterlife.events start pb-olmo3-7b-dpo__W4096__T0p3__recipe__s4: W=4096 T=49152 (12.0 turnovers)
2026-09-18 03:45:23,607 INFO     semantic_afterlife.events failed pb-olmo3-7b-dpo__W4096__T0p3__recipe__s4: 1 steps, 970 tokens, 0 chunks, $0.0000
2026-09-18 03:45:23,610 INFO     semantic_afterlife.events start pb-olmo3-7b-dpo__W4096__T0p3__programming__s1: W=4096 T=49152 (12.0 turnovers)
2026-09-18 03:46:08,910 INFO     semantic_afterlife.events failed pb-olmo3-7b-dpo__W4096__T0p3__programming__s1: 2 steps, 1225 tokens, 1 chunks, $0.0000
2026-09-18 03:46:08,914 INFO     semantic_afterlife.events start pb-olmo3-7b-dpo__W4096__T0p3__programming__s2: W=4096 T=49152 (12.0 turnovers)
2026-09-18 03:46:51,929 INFO     semantic_afterlife.events failed pb-olmo3-7b-dpo__W4096__T0p3__programming__s2: 2 steps, 1052 tokens, 1 chunks, $0.0000
2026-09-18 03:46:51,937 INFO     semantic_afterlife.events start pb-olmo3-7b-dpo__W4096__T0p3__programming__s3: W=4096 T=49152 (12.0 turnovers)
2026-09-18 03:47:24,702 INFO     semantic_afterlife.events failed pb-olmo3-7b-dpo__W4096__T0p3__programming__s3: 1 steps, 958 tokens, 0 chunks, $0.0000
2026-09-18 03:47:24,707 INFO     semantic_afterlife.events start pb-olmo3-7b-dpo__W4096__T0p3__programming__s4: W=4096 T=49152 (12.0 turnovers)
2026-09-18 03:47:59,155 INFO     semantic_afterlife.events failed pb-olmo3-7b-dpo__W4096__T0p3__programming__s4: 1 steps, 1003 tokens, 0 chunks, $0.0000
2026-09-18 03:47:59,158 INFO     semantic_afterlife.events start pb-olmo3-7b-dpo__W4096__T0p3__philosophy__s1: W=4096 T=49152 (12.0 turnovers)
2026-09-18 03:48:31,625 INFO     semantic_afterlife.events failed pb-olmo3-7b-dpo__W4096__T0p3__philosophy__s1: 1 steps, 941 tokens, 0 chunks, $0.0000
2026-09-18 03:48:31,632 INFO     semantic_afterlife.events start pb-olmo3-7b-dpo__W4096__T0p3__philosophy__s2: W=4096 T=49152 (12.0 turnovers)
2026-09-18 03:49:01,590 INFO     semantic_afterlife.events failed pb-olmo3-7b-dpo__W4096__T0p3__philosophy__s2: 1 steps, 882 tokens, 0 chunks, $0.0000
2026-09-18 03:49:01,593 INFO     semantic_afterlife.events start pb-olmo3-7b-dpo__W4096__T0p3__philosophy__s3: W=4096 T=49152 (12.0 turnovers)
2026-09-18 03:49:25,603 INFO     semantic_afterlife.events failed pb-olmo3-7b-dpo__W4096__T0p3__philosophy__s3: 2 steps, 684 tokens, 0 chunks, $0.0000
2026-09-18 03:49:25,606 INFO     semantic_afterlife.events start pb-olmo3-7b-dpo__W4096__T0p3__philosophy__s4: W=4096 T=49152 (12.0 turnovers)
2026-09-18 03:49:53,442 INFO     semantic_afterlife.events failed pb-olmo3-7b-dpo__W4096__T0p3__philosophy__s4: 1 steps, 788 tokens, 0 chunks, $0.0000
2026-09-18 03:49:53,446 INFO     semantic_afterlife.events start pb-olmo3-7b-dpo__W4096__T0p3__surreal__s1: W=4096 T=49152 (12.0 turnovers)
2026-09-18 03:51:09,507 INFO     semantic_afterlife.events failed pb-olmo3-7b-dpo__W4096__T0p3__surreal__s1: 3 steps, 2230 tokens, 2 chunks, $0.0000
2026-09-18 03:51:09,511 INFO     semantic_afterlife.events start pb-olmo3-7b-dpo__W4096__T0p3__surreal__s2: W=4096 T=49152 (12.0 turnovers)
2026-09-18 03:52:35,648 INFO     semantic_afterlife.events failed pb-olmo3-7b-dpo__W4096__T0p3__surreal__s2: 3 steps, 2133 tokens, 2 chunks, $0.0000
2026-09-18 03:52:35,655 INFO     semantic_afterlife.events start pb-olmo3-7b-dpo__W4096__T0p3__surreal__s3: W=4096 T=49152 (12.0 turnovers)
2026-09-18 03:53:40,534 INFO     semantic_afterlife.events failed pb-olmo3-7b-dpo__W4096__T0p3__surreal__s3: 2 steps, 1897 tokens, 1 chunks, $0.0000
2026-09-18 03:53:40,537 INFO     semantic_afterlife.events start pb-olmo3-7b-dpo__W4096__T0p3__surreal__s4: W=4096 T=49152 (12.0 turnovers)
2026-09-18 03:55:23,187 INFO     semantic_afterlife.events failed pb-olmo3-7b-dpo__W4096__T0p3__surreal__s4: 3 steps, 2981 tokens, 2 chunks, $0.0000
2026-09-18 03:55:23,190 INFO     semantic_afterlife.events start pb-olmo3-7b-dpo__W4096__T0p3__noise__s1: W=4096 T=49152 (12.0 turnovers)
2026-09-18 03:57:34,646 INFO     semantic_afterlife.events failed pb-olmo3-7b-dpo__W4096__T0p3__noise__s1: 4 steps, 3675 tokens, 3 chunks, $0.0000
2026-09-18 03:57:34,658 INFO     semantic_afterlife.events start pb-olmo3-7b-dpo__W4096__T0p3__noise__s2: W=4096 T=49152 (12.0 turnovers)
2026-09-18 04:26:48,934 INFO     semantic_afterlife.events completed pb-olmo3-7b-dpo__W4096__T0p3__noise__s2: 48 steps, 49152 tokens, 48 chunks, $0.0000
2026-09-18 04:26:48,937 INFO     semantic_afterlife.events start pb-olmo3-7b-dpo__W4096__T0p3__noise__s3: W=4096 T=49152 (12.0 turnovers)
2026-09-18 04:56:12,563 INFO     semantic_afterlife.events completed pb-olmo3-7b-dpo__W4096__T0p3__noise__s3: 48 steps, 49152 tokens, 48 chunks, $0.0000
2026-09-18 04:56:12,566 INFO     semantic_afterlife.events start pb-olmo3-7b-dpo__W4096__T0p3__noise__s4: W=4096 T=49152 (12.0 turnovers)
2026-09-18 05:25:34,738 INFO     semantic_afterlife.events completed pb-olmo3-7b-dpo__W4096__T0p3__noise__s4: 48 steps, 49152 tokens, 48 chunks, $0.0000
2026-09-18 05:25:34,740 INFO     semantic_afterlife.events unloaded allenai/Olmo-3-7B-Instruct-DPO peak_vram_mib=7206.3
2026-09-18 05:25:35,328 INFO     semantic_afterlife.events completed s10-paperb-olmo-dpo-nf4-20260918T000412Z-64ad9f9f — spent $0.0000 (project $10.54 of $200.00)
