2026-09-18 17:24:02,154 INFO     semantic_afterlife.events run s10-paperb-olmo-rlvr-int8-20260918T142301Z-7125ccca (live)
2026-09-18 17:24:02,415 INFO     semantic_afterlife.events start pb-olmo3-7b-rlvr-int8__W4096__T0p3__physics__s1: W=4096 T=49152 (12.0 turnovers)
2026-09-18 17:24:05,027 INFO     semantic_afterlife.providers.local loading local model allenai/Olmo-3-7B-Instruct device=cuda dtype=bfloat16 attn=sdpa loader=Olmo3ForCausalLM
2026-09-18 17:24:18,618 INFO     semantic_afterlife.events loaded allenai/Olmo-3-7B-Instruct Olmo3ForCausalLM via Olmo3ForCausalLM rev=6e5971d9eba42665f5bd5a0fcf047f299ce1dccc peak_vram_mib=7862.9 in 13.535s
2026-09-18 17:29:14,423 INFO     semantic_afterlife.events failed pb-olmo3-7b-rlvr-int8__W4096__T0p3__physics__s1: 3 steps, 2643 tokens, 2 chunks, $0.0000
2026-09-18 17:29:14,426 INFO     semantic_afterlife.events start pb-olmo3-7b-rlvr-int8__W4096__T0p3__physics__s2: W=4096 T=49152 (12.0 turnovers)
2026-09-18 17:34:16,098 INFO     semantic_afterlife.events failed pb-olmo3-7b-rlvr-int8__W4096__T0p3__physics__s2: 3 steps, 2658 tokens, 2 chunks, $0.0000
2026-09-18 17:34:16,102 INFO     semantic_afterlife.events start pb-olmo3-7b-rlvr-int8__W4096__T0p3__biology__s1: W=4096 T=49152 (12.0 turnovers)
2026-09-18 17:35:31,855 INFO     semantic_afterlife.events failed pb-olmo3-7b-rlvr-int8__W4096__T0p3__biology__s1: 1 steps, 656 tokens, 0 chunks, $0.0000
2026-09-18 17:35:31,858 INFO     semantic_afterlife.events start pb-olmo3-7b-rlvr-int8__W4096__T0p3__biology__s2: W=4096 T=49152 (12.0 turnovers)
2026-09-18 17:37:19,400 INFO     semantic_afterlife.events failed pb-olmo3-7b-rlvr-int8__W4096__T0p3__biology__s2: 2 steps, 965 tokens, 0 chunks, $0.0000
2026-09-18 17:37:19,403 INFO     semantic_afterlife.events start pb-olmo3-7b-rlvr-int8__W4096__T0p3__love__s1: W=4096 T=49152 (12.0 turnovers)
2026-09-18 17:39:51,415 INFO     semantic_afterlife.events failed pb-olmo3-7b-rlvr-int8__W4096__T0p3__love__s1: 3 steps, 1341 tokens, 1 chunks, $0.0000
2026-09-18 17:39:51,418 INFO     semantic_afterlife.events start pb-olmo3-7b-rlvr-int8__W4096__T0p3__love__s2: W=4096 T=49152 (12.0 turnovers)
2026-09-18 17:40:52,778 INFO     semantic_afterlife.events failed pb-olmo3-7b-rlvr-int8__W4096__T0p3__love__s2: 1 steps, 577 tokens, 0 chunks, $0.0000
2026-09-18 17:40:52,781 INFO     semantic_afterlife.events start pb-olmo3-7b-rlvr-int8__W4096__T0p3__programming__s1: W=4096 T=49152 (12.0 turnovers)
2026-09-18 17:42:39,793 INFO     semantic_afterlife.events failed pb-olmo3-7b-rlvr-int8__W4096__T0p3__programming__s1: 1 steps, 947 tokens, 0 chunks, $0.0000
2026-09-18 17:42:39,797 INFO     semantic_afterlife.events start pb-olmo3-7b-rlvr-int8__W4096__T0p3__programming__s2: W=4096 T=49152 (12.0 turnovers)
2026-09-18 17:44:13,048 INFO     semantic_afterlife.events failed pb-olmo3-7b-rlvr-int8__W4096__T0p3__programming__s2: 1 steps, 820 tokens, 0 chunks, $0.0000
2026-09-18 17:44:13,051 INFO     semantic_afterlife.events start pb-olmo3-7b-rlvr-int8__W4096__T0p3__surreal__s1: W=4096 T=49152 (12.0 turnovers)
2026-09-18 17:46:26,812 INFO     semantic_afterlife.events failed pb-olmo3-7b-rlvr-int8__W4096__T0p3__surreal__s1: 2 steps, 1135 tokens, 1 chunks, $0.0000
2026-09-18 17:46:26,815 INFO     semantic_afterlife.events start pb-olmo3-7b-rlvr-int8__W4096__T0p3__surreal__s2: W=4096 T=49152 (12.0 turnovers)
2026-09-18 18:04:03,089 INFO     semantic_afterlife.events failed pb-olmo3-7b-rlvr-int8__W4096__T0p3__surreal__s2: 9 steps, 9141 tokens, 8 chunks, $0.0000
2026-09-18 18:04:03,096 INFO     semantic_afterlife.events unloaded allenai/Olmo-3-7B-Instruct peak_vram_mib=10474.1
2026-09-18 18:04:03,365 INFO     semantic_afterlife.events failed s10-paperb-olmo-rlvr-int8-20260918T142301Z-7125ccca — spent $0.0000 (project $10.54 of $200.00)
